../Drivers/ssd1306/Src/ssd1306.c:16:6:ssd1306_Reset	4	static
../Drivers/ssd1306/Src/ssd1306.c:21:6:ssd1306_WriteCommand	32	static
../Drivers/ssd1306/Src/ssd1306.c:26:6:ssd1306_WriteData	32	static
../Drivers/ssd1306/Src/ssd1306.c:68:17:ssd1306_FillBuffer	24	static
../Drivers/ssd1306/Src/ssd1306.c:78:6:ssd1306_Init	8	static
../Drivers/ssd1306/Src/ssd1306.c:180:6:ssd1306_Fill	16	static
../Drivers/ssd1306/Src/ssd1306.c:185:6:ssd1306_UpdateScreen	16	static
../Drivers/ssd1306/Src/ssd1306.c:206:6:ssd1306_DrawPixel	16	static
../Drivers/ssd1306/Src/ssd1306.c:226:7:ssd1306_WriteChar	48	static
../Drivers/ssd1306/Src/ssd1306.c:261:6:ssd1306_WriteString	32	static
../Drivers/ssd1306/Src/ssd1306.c:275:6:ssd1306_SetCursor	16	static
../Drivers/ssd1306/Src/ssd1306.c:281:6:ssd1306_Line	48	static
../Drivers/ssd1306/Src/ssd1306.c:308:6:ssd1306_Polyline	40	static
../Drivers/ssd1306/Src/ssd1306.c:322:14:ssd1306_DegToRad	16	static
../Drivers/ssd1306/Src/ssd1306.c:327:17:ssd1306_NormalizeTo0_360	24	static
../Drivers/ssd1306/Src/ssd1306.c:343:6:ssd1306_DrawArc	56	static
../Drivers/ssd1306/Src/ssd1306.c:383:6:ssd1306_DrawArcWithRadiusLine	64	static
../Drivers/ssd1306/Src/ssd1306.c:426:6:ssd1306_DrawCircle	40	static
../Drivers/ssd1306/Src/ssd1306.c:461:6:ssd1306_FillCircle	48	static
../Drivers/ssd1306/Src/ssd1306.c:497:6:ssd1306_DrawRectangle	32	static
../Drivers/ssd1306/Src/ssd1306.c:507:6:ssd1306_FillRectangle	32	static
../Drivers/ssd1306/Src/ssd1306.c:521:17:ssd1306_InvertRectangle	32	static
../Drivers/ssd1306/Src/ssd1306.c:552:6:ssd1306_DrawBitmap	24	static
../Drivers/ssd1306/Src/ssd1306.c:576:6:ssd1306_SetContrast	24	static
../Drivers/ssd1306/Src/ssd1306.c:582:6:ssd1306_SetDisplayOn	24	static
../Drivers/ssd1306/Src/ssd1306.c:594:9:ssd1306_GetDisplayOn	4	static
