../Core/Src/esp8266wifi.c:13:6:Wifi_FirstInit	16	static
../Core/Src/esp8266wifi.c:85:5:Get_after	40	static
../Core/Src/esp8266wifi.c:108:6:Wifi_Init	24	static
../Core/Src/esp8266wifi.c:134:6:Wifi_SendRaw	16	static
../Core/Src/esp8266wifi.c:150:6:Wifi_RxClear	8	static
../Core/Src/esp8266wifi.c:160:6:Wifi_TxClear	8	static
../Core/Src/esp8266wifi.c:166:6:Wifi_SendString	16	static
../Core/Src/esp8266wifi.c:172:6:Wifi_Enable	8	static
../Core/Src/esp8266wifi.c:183:6:Wifi_Disable	8	static
../Core/Src/esp8266wifi.c:193:6:Wifi_Restart	24	static
../Core/Src/esp8266wifi.c:216:6:Wifi_FactoryReset	24	static
../Core/Src/esp8266wifi.c:237:6:Wifi_WaitForString	64	dynamic
../Core/Src/esp8266wifi.c:283:6:Wifi_RxCallBack	8	static
../Core/Src/esp8266wifi.c:294:6:Wifi_SetMode	32	static
../Core/Src/esp8266wifi.c:316:6:Wifi_GetMode	24	static
../Core/Src/esp8266wifi.c:340:7:Wifi_TcpIp_SetEnableTcpServer	32	static
../Core/Src/esp8266wifi.c:373:6:Wifi_StationConnectToAp	40	static
../Core/Src/esp8266wifi.c:401:6:Wifi_Station_SetIp	40	static
../Core/Src/esp8266wifi.c:421:7:Wifi_SoftAp_Create	40	static
../Core/Src/esp8266wifi.c:447:6:Wifi_GetIP	24	static
../Core/Src/esp8266wifi.c:467:7:Wifi_TcpIp_SetMultiConnection	32	static
../Core/Src/esp8266wifi.c:489:7:Wifi_TcpIp_StartTcpConnection	32	static
../Core/Src/esp8266wifi.c:527:6:Wifi_TcpIp_CreateTCPConnection	32	static
../Core/Src/esp8266wifi.c:548:7:Wifi_TcpIp_SendDataTcp	32	static
../Core/Src/esp8266wifi.c:578:7:Wifi_TcpIp_StartUdpConnection	40	static
../Core/Src/esp8266wifi.c:602:7:Wifi_TcpIp_Close	32	static
../Core/Src/esp8266wifi.c:628:6:Wifi_ReturnString	32	static
../Core/Src/esp8266wifi.c:659:6:Wifi_ReturnInteger	24	static
