../Core/Src/main.c:160:6:HAL_TIM_PeriodElapsedCallback	16	static
../Core/Src/main.c:179:6:HAL_GPIO_EXTI_Callback	16	static,ignoring_inline_asm
../Core/Src/main.c:191:6:HAL_ADC_ConvCpltCallback	16	static
../Core/Src/main.c:206:6:microphoneADCReading	16	static
../Core/Src/main.c:231:7:lowPassFilter	32	static
../Core/Src/main.c:239:6:floatToString2	24	static
../Core/Src/main.c:249:6:containSubstring	32	static
../Core/Src/main.c:265:5:is_not_empty	16	static
../Core/Src/main.c:269:6:analyzeBufferTime	32	static
../Core/Src/main.c:274:6:packageDataSecret	272	static
../Core/Src/main.c:286:6:tryConnectCloudServer	8	static
../Core/Src/main.c:299:6:sendDataToServer	8	static
../Core/Src/main.c:314:6:handleRequestWifiConfig	48	static
../Core/Src/main.c:350:6:Devcice_getTimeFromHTTP	112	static
../Core/Src/main.c:377:6:Device_initializeComplex	8	static
../Core/Src/main.c:422:5:main	8	static
../Core/Src/main.c:504:6:SystemClock_Config	88	static
../Core/Src/main.c:551:13:MX_ADC1_Init	24	static
../Core/Src/main.c:598:13:MX_I2C1_Init	8	static
../Core/Src/main.c:632:13:MX_TIM2_Init	32	static
../Core/Src/main.c:677:13:MX_TIM3_Init	32	static
../Core/Src/main.c:722:13:MX_USART1_UART_Init	8	static
../Core/Src/main.c:755:13:MX_GPIO_Init	40	static
../Core/Src/main.c:817:6:Error_Handler	4	static,ignoring_inline_asm
